Running 4 tests in a single process (parallelization threshold is 50)
Run options: --seed 64255

# Running:

..TEST DEBUG: session_id=test-session-30719918
F

Failure:
BlackboardControllerTest#test_should_replay_events [test/controllers/blackboard_controller_test.rb:41]:
Expected response to be a <2XX: success>, but was a <400: Bad Request>

bin/rails test test/controllers/blackboard_controller_test.rb:29

.

Finished in 0.101472s, 39.4197 runs/s, 98.5494 assertions/s.
4 runs, 10 assertions, 1 failures, 0 errors, 0 skips
